
> takaful-platform@0.0.0 test
> vitest run


[1m[30m[46m RUN [49m[39m[22m [36mv4.1.9 [39m[90m/app/applet[39m

 [31m❯[39m src/components/CitizenPortal.test.tsx [2m([22m[2m1 test[22m[2m | [22m[31m1 failed[39m[2m)[22m[32m 49[2mms[22m[39m
[31m     [31m×[31m renders the portal with empty case state[39m[32m 46[2mms[22m[39m
 [31m❯[39m src/components/DonorPortal.test.tsx [2m([22m[2m3 tests[22m[2m | [22m[31m3 failed[39m[2m)[22m[32m 73[2mms[22m[39m
[31m     [31m×[31m renders the header correctly[39m[32m 57[2mms[22m[39m
[31m     [31m×[31m renders quick donation buttons[39m[32m 7[2mms[22m[39m
[31m     [31m×[31m renders impact statistics[39m[32m 6[2mms[22m[39m
 [32m✓[39m src/components/MedicalPortal.test.tsx [2m([22m[2m3 tests[22m[2m)[22m[32m 133[2mms[22m[39m
 [32m✓[39m src/tests/math.test.ts [2m([22m[2m1 test[22m[2m)[22m[32m 3[2mms[22m[39m

[31m⎯⎯⎯⎯⎯⎯⎯[39m[1m[41m Failed Tests 4 [49m[22m[31m⎯⎯⎯⎯⎯⎯⎯[39m

[41m[1m FAIL [22m[49m src/components/CitizenPortal.test.tsx[2m > [22mCitizenPortal Component[2m > [22mrenders the portal with empty case state
[31m[1mTestingLibraryElementError[22m: Unable to find an element with the text: /تقديم طلب مساعدة جديد/i. This could be because the text is broken up by multiple elements. In this case, you can provide a function for your text matcher to make your matcher more flexible.

Ignored nodes: comments, script, style
[36m<body>[31m
  [36m<div>[31m
    [36m<div[31m
      [33mclass[31m=[32m"space-y-6"[31m
    [36m>[31m
      [36m<div[31m
        [33mclass[31m=[32m"bg-gradient-to-l from-[#0F6E56] to-[#1D9E75] text-white p-6 rounded-2xl shadow-sm"[31m
      [36m>[31m
        [36m<h2[31m
          [33mclass[31m=[32m"text-xl font-black"[31m
        [36m>[31m
          [0mأهلاً بك يا [0m
          [0m 👋[0m
        [36m</h2>[31m
        [36m<p[31m
          [33mclass[31m=[32m"text-xs opacity-90 mt-1"[31m
        [36m>[31m
          [0mبوابة المواطن المتكاملة للتقديم وتحديث الملف الأسري ومتابعة مسار معالجة طلبك في السجل الوطني.[0m
        [36m</p>[31m
        [36m<div[31m
          [33mclass[31m=[32m"mt-4 flex flex-wrap gap-4 text-xs font-mono"[31m
        [36m>[31m
          [36m<span>[31m
            [0m📍 البلدية: [0m
            [0mصبراتة[0m
          [36m</span>[31m
          [36m<span>[31m
            [0m🆔 الرقم الوطني: [0m
            [0m111222333[0m
          [36m</span>[31m
          [36m<span>[31m
            [0m🛡️ شجرة العطاء: [0m
            [0m نقطة[0m
          [36m</span>[31m
        [36m</div>[31m
      [36m</div>[31m
      [36m<div[31m
        [33mclass[31m=[32m"text-center bg-white border border-dashed border-[#E5E3DA] p-12 rounded-2xl"[31m
      [36m>[31m
        [36m<span[31m
          [33mclass[31m=[32m"text-5xl block mb-4"[31m
        [36m>[31m
          [0m📋[0m
        [36m</span>[31m
        [36m<h3[31m
          [33mclass[31m=[32m"text-lg font-bold text-gray-800"[31m
        [36m>[31m
          [0mليس لديك ملف مساعدات نشط حالياً[0m
        [36m</h3>[31m
        [36m<p[31m
          [33mclass[31m=[32m"text-xs text-gray-500 max-w-md mx-auto mt-2 leading-relaxed"[31m
        [36m>[31m
          [0mيمكنك تسجيل طلب جديد وتعبئة ملف البيانات الخاص بأسرتك واحتياجاتك العاجلة ليقوم الباحث الاجتماعي بزيارتكم والتحقق من الاستحقاق.[0m
        [36m</p>[31m
        [36m<button[31m
          [33mclass[31m=[32m"mt-6 bg-[#0F6E56] hover:bg-[#085041] text-white font-bold py-2.5 px-6 rounded-xl text-xs transition-colors cursor-pointer"[31m
        [36m>[31m
          [0mتسجيل طلب مساعدة جديد[0m
        [36m</button>[31m
      [36m</div>[31m
    [36m</div>[31m
  [36m</div>[31m
[36m</body>[31m[39m
[90m [2m❯[22m Object.getElementError node_modules/@testing-library/dom/dist/config.js:[2m37:19[22m[39m
[90m [2m❯[22m node_modules/@testing-library/dom/dist/query-helpers.js:[2m76:38[22m[39m
[90m [2m❯[22m node_modules/@testing-library/dom/dist/query-helpers.js:[2m52:17[22m[39m
[90m [2m❯[22m node_modules/@testing-library/dom/dist/query-helpers.js:[2m95:19[22m[39m
[36m [2m❯[22m src/components/CitizenPortal.test.tsx:[2m26:31[22m[39m
    [90m 24|[39m
    [90m 25|[39m     [90m// Check for the call to action when no case exists[39m
    [90m 26|[39m     [35mconst[39m newCaseBtn [33m=[39m screen[33m.[39m[34mgetByText[39m([36m/تقديم طلب مساعدة جديد/i[39m)[33m;[39m
    [90m   |[39m                               [31m^[39m
    [90m 27|[39m     [34mexpect[39m(newCaseBtn)[33m.[39m[34mtoBeInTheDocument[39m()[33m;[39m
    [90m 28|[39m   })[33m;[39m

[31m[2m⎯⎯⎯⎯⎯⎯⎯⎯⎯⎯⎯⎯⎯⎯⎯⎯⎯⎯⎯⎯⎯⎯⎯⎯[1/4]⎯[22m[39m

[41m[1m FAIL [22m[49m src/components/DonorPortal.test.tsx[2m > [22mDonorPortal Component[2m > [22mrenders the header correctly
[41m[1m FAIL [22m[49m src/components/DonorPortal.test.tsx[2m > [22mDonorPortal Component[2m > [22mrenders quick donation buttons
[41m[1m FAIL [22m[49m src/components/DonorPortal.test.tsx[2m > [22mDonorPortal Component[2m > [22mrenders impact statistics
[31m[1mTypeError[22m: Cannot read properties of undefined (reading 'filter')[39m
[36m [2m❯[22m DonorPortal src/components/DonorPortal.tsx:[2m50:32[22m[39m
    [90m 48|[39m }[33m:[39m [33mDonorPortalProps[39m) {
    [90m 49|[39m   [90m// Published cases only[39m
    [90m 50|[39m   [35mconst[39m publishedCases [33m=[39m cases[33m.[39m[34mfilter[39m((c) [33m=>[39m c[33m.[39mstatus [33m===[39m [32m"published"[39m)[33m;[39m
    [90m   |[39m                                [31m^[39m
    [90m 51|[39m
    [90m 52|[39m   [90m// Filtering states[39m
[90m [2m❯[22m Object.react_stack_bottom_frame node_modules/react-dom/cjs/react-dom-client.development.js:[2m25904:20[22m[39m
[90m [2m❯[22m renderWithHooks node_modules/react-dom/cjs/react-dom-client.development.js:[2m7662:22[22m[39m
[90m [2m❯[22m updateFunctionComponent node_modules/react-dom/cjs/react-dom-client.development.js:[2m10166:19[22m[39m
[90m [2m❯[22m beginWork node_modules/react-dom/cjs/react-dom-client.development.js:[2m11778:18[22m[39m
[90m [2m❯[22m runWithFiberInDEV node_modules/react-dom/cjs/react-dom-client.development.js:[2m874:13[22m[39m
[90m [2m❯[22m performUnitOfWork node_modules/react-dom/cjs/react-dom-client.development.js:[2m17641:22[22m[39m
[90m [2m❯[22m workLoopSync node_modules/react-dom/cjs/react-dom-client.development.js:[2m17469:41[22m[39m
[90m [2m❯[22m renderRootSync node_modules/react-dom/cjs/react-dom-client.development.js:[2m17450:11[22m[39m
[90m [2m❯[22m performWorkOnRoot node_modules/react-dom/cjs/react-dom-client.development.js:[2m16583:35[22m[39m

[31m[2m⎯⎯⎯⎯⎯⎯⎯⎯⎯⎯⎯⎯⎯⎯⎯⎯⎯⎯⎯⎯⎯⎯⎯⎯[2/4]⎯[22m[39m


[2m Test Files [22m [1m[31m2 failed[39m[22m[2m | [22m[1m[32m2 passed[39m[22m[90m (4)[39m
[2m      Tests [22m [1m[31m4 failed[39m[22m[2m | [22m[1m[32m4 passed[39m[22m[90m (8)[39m
[2m   Start at [22m 19:57:16
[2m   Duration [22m 7.12s[2m (transform 494ms, setup 0ms, import 1.80s, tests 258ms, environment 4.03s)[22m

